
bliu@ubuntu:~$ a
a2p                      adduser                  apgbfm                   apt-cdrom                arecordmidi              avahi-browse-domains
aa-exec                  admin.sh                 aplay                    apt-config               arm2hpdl                 avahi-daemon
aa-status                agetty                   aplaymidi                aptd                     arp                      avahi-publish
accept                   alert                    apm_available            aptdcon                  arpd                     avahi-publish-address
accessdb                 alias                    apparmor_parser          apt-extracttemplates     arping                   avahi-publish-service
aconnect                 alsa                     apparmor_status          apt-ftparchive           as                       avahi-resolve
acpi_available           alsactl                  apport-bug               apt-get                  aseqdump                 avahi-resolve-address
acpid                    alsaloop                 apport-cli               apt-key                  aseqnet                  avahi-resolve-host-name
acpi_listen              alsamixer                apport-collect           apt-mark                 aspell                   avahi-set-host-name
activity-log-manager     alsaucm                  apport-unpack            apt-sortpkgs             aspell-autobuildhash     awk
add-apt-repository       amidi                    appres                   apturl                   aspell-import            axi-cache
addgroup                 amixer                   apropos                  apturl-gtk               assistant
addpart                  amuFormat.sh             apt                      ar                       atobm
addr2line                anacron                  apt-add-repository       arch                     avahi-autoipd
add-shell                apg                      apt-cache                arecord                  avahi-browse
bliu@ubuntu:~$ pal
.bash_history         .compiz/              Downloads/            .lesshst              .pal/                 remote/               test/
.bash_logout          .config/              examples.desktop      .local/               .pass                 .screenrc             Videos/
.bashrc               Desktop/              .gconf/               .mozilla/             Pictures/             .selected_editor      .Xauthority
bin/                  .dmrc                 .gstreamer-0.10/      Music/                .profile              .ssh/                 .xsession-errors
.cache/               Documents/            .ICEauthority         oleg.txt              Public/               Templates/            .xsession-errors.old
bliu@ubuntu:~$ pal
     Su   Mo   Tu   We   Th   Fr   Sa |     Su   Mo   Tu   We   Th   Fr   Sa
May  17   18   19   20   21   22   23 |Jun U21S  22   23   24   25   26   27
    C24C U25S  26   27   28  @29@  30 |Jul  28   29   30   01   02   03  U04S
Jun C31C  01   02   03  C04C  05   06 |     05   06   07   08   09   10   11
     07   08   09   10   11   12   13 |     12   13   14   15   16   17   18
    U14S  15   16   17   18   19   20 |     19   20   21   22   23   24   25
bliu@ubuntu:~$ pal --h
ERROR: Bad argument: --h
       Use --help for more information.
     Su   Mo   Tu   We   Th   Fr   Sa |     Su   Mo   Tu   We   Th   Fr   Sa
May  17   18   19   20   21   22   23 |Jun U21S  22   23   24   25   26   27
    C24C U25S  26   27   28  @29@  30 |Jul  28   29   30   01   02   03  U04S
Jun C31C  01   02   03  C04C  05   06 |     05   06   07   08   09   10   11
     07   08   09   10   11   12   13 |     12   13   14   15   16   17   18
    U14S  15   16   17   18   19   20 |     19   20   21   22   23   24   25
bliu@ubuntu:~$ pal --help
pal 0.4.3 - Copyright (C) 2006, Scott Kuhl
  pal is licensed under the GNU General Public License and has NO WARRANTY.

 -d date      Show events on the given date.  Valid formats for date include: dd, mmdd, yyyymmdd, 'Jan 1 2000'.  Run 'man pal' for a list of all valid formats.
 -r n         Display events within n days after today or a date used with -d. (default: n=0, show nothing)
 -r p-n       Display events within p days before and n days after today or a date used with -d.
 -s regex     Search for events matching the regular expression. Use -r to select range of days to search.
 -x n         Expunge events that are n or more days old.
 -c n         Display calendar with n lines. (default: 5)
 -f file      Load 'file' instead of ~/.pal/pal.conf
 -u username  Load /home/username/.pal/pal.conf
 -p palfile   Load *.pal file only (overrides files loaded from pal.conf)
 -m           Add/Modify/Delete events interactively.
 --color      Force colors, regardless of terminal type.
 --nocolor    Force no colors, regardless of terminal type.
 --mail       Generate output readable by sendmail.
 --html       Generate HTML calendar.  Set size of calendar with -c.
 --latex      Generate LaTeX calendar.  Set size of calendar with -c.
 -v           Verbose output.
 --version    Display version information.
 -h, --help   Display this help message.

Type "man pal" for more information.
bliu@ubuntu:~$ pal -v
Character set: UTF-8
Reading: /home/bliu/.pal/pal.conf
Reading: /usr/share/pal/us.pal
Reading: /usr/share/pal/christian.pal
Reading: /usr/share/pal/history.pal
Reading: /usr/share/pal/world.pal
Done reading data (1042 events, 4 files).

     Su   Mo   Tu   We   Th   Fr   Sa |     Su   Mo   Tu   We   Th   Fr   Sa
May  17   18   19   20   21   22   23 |Jun U21S  22   23   24   25   26   27
    C24C U25S  26   27   28  @29@  30 |Jul  28   29   30   01   02   03  U04S
Jun C31C  01   02   03  C04C  05   06 |     05   06   07   08   09   10   11
     07   08   09   10   11   12   13 |     12   13   14   15   16   17   18
    U14S  15   16   17   18   19   20 |     19   20   21   22   23   24   25
bliu@ubuntu:~$
bliu@ubuntu:~$
bliu@ubuntu:~$
bliu@ubuntu:~$ cal
cal            calendar       calibrate_ppa  caller
bliu@ubuntu:~$ calendar
May 29  Gilbert Keith Chesterton born, 1874
May 29  John Fitzgerald Kennedy, 35th President of the United States, born in
                Brookline, Massachusetts, 1917
May 29  Patrick Henry born, 1736
May 29  Edmund Hillary and Tenzing Norgay climb Mt. Everest, 1953
May 29  First food stamps issued, 1961
May 29  European Flag first appearance, 1986
May 29  English hooligans in Heysel cause 39 deaths, 1985
May 29  Wilko Bulte <wilko@FreeBSD.org> born in Arnhem, the Netherlands, 1965
May 29  Seigo Tanimura <tanimura@FreeBSD.org> born in Kitakyushu, Fukuoka, Japan, 1976
May 29  Aujourd'hui, c'est la St(e) Aymard.
May 29  Magdolna
May 29  5=L ?0@B870= 8 ?>4?>;LI8:>2
May 29  5=L 0I5O
May 30  Mel (Melvin Jerome) Blanc born in San Francisco, 1908
May 30  Colossus Mark II, 1944
May 30  US Marines sent to Nicaragua, 1912
May 30  Statehood day in Croatia
May 30  Belgian government moves to London, Leopold III stays in Laeken, 1940
May 30  Tjelovo
May 30  N'oubliez pas les Ferdinand !
May 30  Janka, Zsanett
May 30  5=L ?>60@=>9 >E@0=K
May 30  5=L ?>60@=>9 >E@0=K
May 30  5=L ?0<OB8 65@B2 ?>;8B8G5A:8E @5?@5AA89
May 31* Trinity Sunday (7 days after Pentecost)
May 31  Pya Martyrs Day in Togo
May 31  Joseph Haydn dies in Vienna, Austria, 1809
May 31  The Who perform the loudest concert ever -- 76,000 watts of PA, 1976
May 31  Syaday (5th of the Season of Confusion) Festival of Sri Syadasti
May 31  Primera fundación de la ciudad de San Miguel de Tucumán, 1565
May 31  Se firma el Acuerdo de San Nicolás de los Arroyos, 1852
May 31  Día Nacional de la Energía Atómica
May 31  Día Nacional del Ecoturismo
May 31  Syaday (5th of the Season of Confusion) Festival of Sri Syadasti
May 31* Trinitatis
May 31  Ville Skytta <scop@FreeBSD.org> born in Helsinki, Finland, 1974
May 31* Fêtes des mères
May 31* S'il pleut à la Trinité,
        Il pleut tous les jours de l'année.
May 31  Joseph Haydn in Wien gestorben, 1809
May 31  Angéla, Petronella
May 31          !0OA8 ›C“K=-A¯@3V=45@ ›±@10=40@K= 5A:5
May 31  5=L  >AA89A:>9 42>:0BC@K
May 31* 5=L E8<8:0
May 31* 5=L !2OB>9 "@>8FK. OB845AOB=8F0
May 31* "@V9FO
May 31* 5=L !2OB>W "@V9FV, 'OB845AOB=8FO
Jun 01  Brigham Young born, 1801
Jun 01  Marilyn Monroe born, 1928
Jun 01  Independence Days (3 days) in Western Samoa
Jun 01  Madaraka Day in Kenya
Jun 01  Victory Day in Tunisia
Jun 01* Jefferson Davis's Birthday in Alabamai, Mississippi, Florida, Georgia, & S. Carolina (1st Monday)
Jun 01  The Beatles release "Sgt. Pepper", 1967
Jun 01  Summit of Messine, Foreign Ministers talk about the Common Market, 1955
Jun 01  Ubuntu 6.06 LTS (Dapper Drake) released, 2006
Jun 01* Foundation Day (WA)
Jun 01  Bonne fête aux Justin !
Jun 01  Aufstand der schlesischen Weber, 1844
Jun 01  Auflösung aller Parteien außer NSDAP, 1933
Jun 01  Gründung des Bundes der Kommunisten in London
        durch Marx und Engels, 1847
Jun 01  Tünde
Jun 01  CH:8=A:89 45=L
Jun 01  5=L 65;57=>4>@>6=KE 2>9A:
Jun 01  5=L 0I5O 8 5;5A0
Jun 01  5=L 06L1>30, 2A5=L 1>;LH>9
Jun 01  Summer Solstice (longest day of the year)
bliu@ubuntu:~$ calendar |less
May 29  Gilbert Keith Chesterton born, 1874
May 29  John Fitzgerald Kennedy, 35th President of the United States, born in
                Brookline, Massachusetts, 1917
May 29  Patrick Henry born, 1736
May 29  Edmund Hillary and Tenzing Norgay climb Mt. Everest, 1953
May 29  First food stamps issued, 1961
May 29  European Flag first appearance, 1986
May 29  English hooligans in Heysel cause 39 deaths, 1985
May 29  Wilko Bulte <wilko@FreeBSD.org> born in Arnhem, the Netherlands, 1965
May 29  Seigo Tanimura <tanimura@FreeBSD.org> born in Kitakyushu, Fukuoka, Japan, 1976
May 29  Aujourd'hui, c'est la St(e) Aymard.
May 29  Magdolna
May 29  5=L ?0@B870= 8 ?>4?>;LI8:>2
May 29  5=L 0I5O
May 30  Mel (Melvin Jerome) Blanc born in San Francisco, 1908
May 30  Colossus Mark II, 1944
May 30  US Marines sent to Nicaragua, 1912
May 30  Statehood day in Croatia
May 30  Belgian government moves to London, Leopold III stays in Laeken, 1940
May 30  Tjelovo
May 30  N'oubliez pas les Ferdinand !
May 30  Janka, Zsanett
May 30  5=L ?>60@=>9 >E@0=K
May 30  5=L ?>60@=>9 >E@0=K
May 30  5=L ?0<OB8 65@B2 ?>;8B8G5A:8E @5?@5AA89
May 31* Trinity Sunday (7 days after Pentecost)
May 31  Pya Martyrs Day in Togo
May 31  Joseph Haydn dies in Vienna, Austria, 1809
May 31  The Who perform the loudest concert ever -- 76,000 watts of PA, 1976
May 31  Syaday (5th of the Season of Confusion) Festival of Sri Syadasti
May 31  Primera fundación de la ciudad de San Miguel de Tucumán, 1565
May 31  Se firma el Acuerdo de San Nicolás de los Arroyos, 1852
May 31  Día Nacional de la Energía Atómica
May 31  Día Nacional del Ecoturismo
May 31  Syaday (5th of the Season of Confusion) Festival of Sri Syadasti
May 31* Trinitatis
May 31  Ville Skytta <scop@FreeBSD.org> born in Helsinki, Finland, 1974
May 31* Fêtes des mères
May 31* S'il pleut à la Trinité,
        Il pleut tous les jours de l'année.
May 31  Joseph Haydn in Wien gestorben, 1809
May 31  Angéla, Petronella
May 31          !0OA8 ›C“K=-A¯@3V=45@ ›±@10=40@K= 5A:5
May 31  5=L  >AA89A:>9 42>:0BC@K
May 31* 5=L E8<8:0
May 31* 5=L !2OB>9 "@>8FK. OB845AOB=8F0
May 31* "@V9FO
May 31* 5=L !2OB>W "@V9FV, 'OB845AOB=8FO
Jun 01  Brigham Young born, 1801
Jun 01  Marilyn Monroe born, 1928
Jun 01  Independence Days (3 days) in Western Samoa
Jun 01  Madaraka Day in Kenya
Jun 01  Victory Day in Tunisia
Jun 01* Jefferson Davis's Birthday in Alabamai, Mississippi, Florida, Georgia, & S. Carolina (1st Monday)
Jun 01  The Beatles release "Sgt. Pepper", 1967
Jun 01  Summit of Messine, Foreign Ministers talk about the Common Market, 1955
Jun 01  Ubuntu 6.06 LTS (Dapper Drake) released, 2006
Jun 01* Foundation Day (WA)
Jun 01  Bonne fête aux Justin !
Jun 01  Aufstand der schlesischen Weber, 1844
Jun 01  Auflösung aller Parteien außer NSDAP, 1933
Jun 01  Gründung des Bundes der Kommunisten in London
        durch Marx und Engels, 1847
Jun 01  Tünde
Jun 01  CH:8=A:89 45=L
Jun 01  5=L 65;57=>4>@>6=KE 2>9A:
Jun 01  5=L 0I5O 8 5;5A0
Jun 01  5=L 06L1>30, 2A5=L 1>;LH>9
Jun 01  Summer Solstice (longest day of the year)
bliu@ubuntu:~$ pal
     Su   Mo   Tu   We   Th   Fr   Sa |     Su   Mo   Tu   We   Th   Fr   Sa
May  17   18   19   20   21   22   23 |Jun U21S  22   23   24   25   26   27
    C24C U25S  26   27   28  @29@  30 |Jul  28   29   30   01   02   03  U04S
Jun C31C  01   02   03  C04C  05   06 |     05   06   07   08   09   10   11
     07   08   09   10   11   12   13 |     12   13   14   15   16   17   18
    U14S  15   16   17   18   19   20 |     19   20   21   22   23   24   25
bliu@ubuntu:~$ a
a2p                      adduser                  apgbfm                   apt-cdrom                arecordmidi              avahi-browse-domains
aa-exec                  admin.sh                 aplay                    apt-config               arm2hpdl                 avahi-daemon
aa-status                agetty                   aplaymidi                aptd                     arp                      avahi-publish
accept                   alert                    apm_available            aptdcon                  arpd                     avahi-publish-address
accessdb                 alias                    apparmor_parser          apt-extracttemplates     arping                   avahi-publish-service
aconnect                 alsa                     apparmor_status          apt-ftparchive           as                       avahi-resolve
acpi_available           alsactl                  apport-bug               apt-get                  aseqdump                 avahi-resolve-address
acpid                    alsaloop                 apport-cli               apt-key                  aseqnet                  avahi-resolve-host-name
acpi_listen              alsamixer                apport-collect           apt-mark                 aspell                   avahi-set-host-name
activity-log-manager     alsaucm                  apport-unpack            apt-sortpkgs             aspell-autobuildhash     awk
add-apt-repository       amidi                    appres                   apturl                   aspell-import            axi-cache
addgroup                 amixer                   apropos                  apturl-gtk               assistant
addpart                  amuFormat.sh             apt                      ar                       atobm
addr2line                anacron                  apt-add-repository       arch                     avahi-autoipd
add-shell                apg                      apt-cache                arecord                  avahi-browse
bliu@ubuntu:~$ b
badblocks             bdftruncate           bluetooth-sendto      bluez-test-manager    brltty                bunzip2               bzip2
baobab                bg                    bluetooth-wizard      bluez-test-network    brltty-ctb            busybox               bzip2recover
base64                bind                  bluez-simple-agent    bluez-test-serial     brltty-setup          bzcat                 bzless
basename              biosdecode            bluez-simple-service  bluez-test-service    brltty-trtxt          bzcmp                 bzmore
bash                  bitmap                bluez-test-adapter    bluez-test-telephony  brltty-ttb            bzdiff
bashbug               blkid                 bluez-test-audio      bmtoa                 bsd-from              bzegrep
bc                    blockdev              bluez-test-device     brasero               bsd-write             bzexe
bccmd                 bluetooth-agent       bluez-test-discovery  break                 btcflash              bzfgrep
bdftopcf              bluetoothd            bluez-test-input      bridge                builtin               bzgrep
bliu@ubuntu:~$ c
Display all 123 possibilities? (y or n)
c2ph                             chardet                          codepage                         cracklib-format
c89                              chardet3                         col                              cracklib-packer
c89-gcc                          chardetect3                      colcrt                           cracklib-unpacker
c99                              charmap                          colormgr                         crc32
c99-gcc                          chat                             colrm                            crda
cal                              chattr                           column                           create-cracklib-dict
calendar                         chcon                            combinediff                      credentials-preferences
calibrate_ppa                    checkbox                         comm                             c_rehash
caller                           checkbox-cli                     command                          cron
canberra-gtk-play                checkbox-gui                     command_not_found_handle         crontab
cancel                           check-language-support           compgen                          csplit
canonical-certification-server   cheese                           compiz                           ctrlaltdel
canonical-driver-test-suite-cli  chfn                             compiz-decorator                 ctstat
capsh                            chgpasswd                        complete                         cupsaccept
captoinfo                        chgrp                            compopt                          cupsaddsmb
case                             chkdupexe                        compose                          cups-browsed
cat                              chmod                            config_data                      cups-calibrate
catchsegv                        chown                            continue                         cupsctl
catman                           chpasswd                         coproc                           cupsd
cautious-launcher                chroot                           corelist                         cupsdisable
cc                               chrt                             cp                               cupsenable
cd                               chsh                             cpan                             cupsfilter
cd-create-profile                chvt                             cpan2dist                        cups-genppdupdate
cd-fix-profile                   cifsdd                           cpanp                            cupsreject
cd-iccdump                       ciptool                          cpanp-run-perl                   cupstestdsc
cdrecord                         ckbcomp                          cpgr                             cupstestppd
cfdisk                           cksum                            cpio                             curl
c++filt                          clear                            cpp                              cut
cgdisk                           clear_console                    cpp-4.8                          cvt
chacl                            cmdfu                            cppw                             cytune
chage                            cmp                              cracklib-check
bliu@ubuntu:~$ d
dash                     debconf-copydb           dequote                  dh_python3               dnsmasq                  dpkg-statoverride
date                     debconf-escape           designer                 dialog                   do                       dpkg-trigger
dbus-cleanup-sockets     debconf-set-selections   desktop-file-edit        diff                     domainname               du
dbus-daemon              debconf-show             desktop-file-install     diff3                    done                     dumpe2fs
dbus-launch              deb-systemd-helper       desktop-file-validate    diffstat                 do-release-upgrade       dumpkeys
dbus-monitor             deb-systemd-invoke       dev1                     dig                      dosfsck                  duplicity
dbus-send                debugfs                  dev2                     dir                      dosfslabel               dvd-ram-control
dbus-uuidgen             declare                  dev3                     dircolors                dotlockfile              dvd+rw-booktype
dbwrap_tool              def                      devdump                  dirname                  dpkg                     dvd+rw-format
dc                       define                   df                       dirs                     dpkg-deb                 dvd+rw-mediainfo
dconf                    dehtmldiff               dfutool                  dirsplit                 dpkg-divert              dvipdf
dd                       deja-dup                 dh_bash-completion       disown                   dpkg-log-summary         dwp
ddate                    deja-dup-preferences     dhclient                 dmesg                    dpkg-maintscript-helper
deallocvt                delgroup                 dhclient-script          dmidecode                dpkg-preconfigure
debconf                  delpart                  dh_installxmlcatalogs    dmsetup                  dpkg-query
debconf-apt-progress     deluser                  dh_pypy                  dm-tool                  dpkg-reconfigure
debconf-communicate      depmod                   dh_python2               dnsdomainname            dpkg-split
bliu@ubuntu:~$ e
e2freefrag          echo                editdiff            elif                enc2xs              eps2eps             eval                exit
e2fsck              ecom1               editor              else                enchant             eqn                 evince              expand
e2image             ecom15              editres             empathy             enchant-lsmod       esac                evince-previewer    expiry
e2label             ecom2               egrep               empathy-accounts    env                 esc-m               evince-thumbnailer  export
e2undo              ed                  eject               empathy-debugger    envsubst            espdiff             ex                  expr
e4defrag            edit                elfedit             enable              eog                 ethtool             exec
bliu@ubuntu:~$ f
factor              fc-query            file-roller         flock               foo2lava            foo2zjs-icc2ps      fsck.ext3           fstobdf
faillog             fc-scan             filterdiff          fmt                 foo2lava-wrapper    foo2zjs-pstops      fsck.ext4           fstrim
fallocate           fc-validate         find                fold                foo2oak             foo2zjs-wrapper     fsck.ext4dev        fstrim-all
false               fdformat            find2perl           font2c              foo2oak-wrapper     for                 fsck.fat            ftp
fatlabel            fdisk               findfs              fonttosfnt          foo2qpdl            free                fsck.minix          fucmd
fc                  fg                  findmnt             foo2hbpl2           foo2qpdl-wrapper    friends-dispatcher  fsck.msdos          function
fc-cache            fgconsole           firefox             foo2hbpl2-wrapper   foo2slx             friends-service     fsck.nfs            funzip
fc-cat              fgrep               fixcvsdiff          foo2hiperc          foo2slx-wrapper     from                fsck.vfat           fuser
fc-list             fi                  fixparts            foo2hiperc-wrapper  foo2xqx             fsck                fsfreeze            fusermount
fc-match            file                fix-qdf             foo2hp              foo2xqx-wrapper     fsck.cramfs         fslsfonts           fxwire
fc-pattern          filefrag            flipdiff            foo2hp2600-wrapper  foo2zjs             fsck.ext2           fstab-decode
bliu@ubuntu:~$ g
Display all 188 possibilities? (y or n)
gamma4scanimage              gettext                      gnome-system-monitor         grub-menulst2cfg             gstreamer-codec-install
gatttool                     gettextize                   gnome-terminal               grub-mkconfig                gst-typefind-0.10
gcalccmd                     gettext.sh                   gnome-terminal.wrapper       grub-mkdevicemap             gst-typefind-1.0
gcc                          getty                        gnome-text-editor            grub-mkfont                  gst-visualise-0.10
gcc-4.8                      getweb                       gnome-thumbnail-font         grub-mkimage                 gst-xmlinspect-0.10
gcc-ar                       ghostscript                  gnome-www-browser            grub-mklayout                gst-xmllaunch-0.10
gcc-ar-4.8                   ginstall-info                gold                         grub-mknetdir                gtbl
gcc-nm                       gio-querymodules             gpasswd                      grub-mkpasswd-pbkdf2         gtf
gcc-nm-4.8                   gipddecode                   gpg                          grub-mkrelpath               gtk-launch
gcc-ranlib                   gkbd-keyboard-display        gpgsplit                     grub-mkrescue                gtk-update-icon-cache
gcc-ranlib-4.8               glib-compile-resources       gpgv                         grub-mkstandalone            gtk-update-icon-cache-3.0
gconf-merge-tree             glib-compile-schemas         gpg-zip                      grub-mount                   gtk-window-decorator
gconf-schemas                gnome-calculator             gpic                         grub-ntldr-img               gucharmap
gconftool                    gnome-character-map          gprof                        grub-probe                   guest-account
gconftool-2                  gnome-contacts               gpu-manager                  grub-reboot                  guild
gcore                        gnome-disk-image-mounter     grep                         grub-render-label            gunzip
gcov                         gnome-disks                  grepdiff                     grub-script-check            gvfs-cat
gcov-4.8                     gnome-file-share-properties  gresource                    grub-set-default             gvfs-copy
gcr-viewer                   gnome-font-viewer            groff                        grub-syslinux2cfg            gvfs-info
gdb                          gnome-help                   grog                         gs                           gvfs-less
gdbtui                       gnome-keyring                grops                        gsbj                         gvfs-ls
gdbus                        gnome-keyring-3              grotty                       gsdj                         gvfs-mime
gdialog                      gnome-keyring-daemon         groupadd                     gsdj500                      gvfs-mkdir
gdisk                        gnome-language-selector      groupdel                     gsettings                    gvfs-monitor-dir
gedit                        gnome-mahjongg               groupmod                     gsettings-data-convert       gvfs-monitor-file
gencat                       gnome-menus-blacklist        groups                       gsettings-schema-convert     gvfs-mount
genisoimage                  gnome-mines                  growisofs                    gslj                         gvfs-move
geqn                         gnome-power-statistics       grpck                        gslp                         gvfs-open
getcap                       gnome-screensaver            grpconv                      gsnd                         gvfs-rename
getconf                      gnome-screensaver-command    grpunconv                    gst-discoverer-0.10          gvfs-rm
geteltorito                  gnome-screenshot             grub-bios-setup              gst-discoverer-1.0           gvfs-save
getent                       gnome-session                grub-editenv                 gst-feedback-0.10            gvfs-set-attribute
getfacl                      gnome-session-inhibit        grub-file                    gst-inspect-0.10             gvfs-trash
gethostip                    gnome-session-properties     grub-fstest                  gst-inspect-1.0              gvfs-tree
getkeycodes                  gnome-session-quit           grub-glue-efi                gst-install                  gzexe
getopt                       gnome-sudoku                 grub-install                 gst-launch-0.10              gzip
getopts                      gnome-system-log             grub-kbdcomp                 gst-launch-1.0
getpcaps                     gnome-system-log-pkexec      grub-macbless                gst-play-1.0
bliu@ubuntu:~$ h
h2ph                   hciconfig              helpztags              hostnamectl            hp-firmware            hp-plugin              hp-testpage
h2xs                   hciemu                 hexdump                hp-align               hp-hpdio               hp-plugin-ubuntu       hp-timedate
halt                   hcitool                hipercdecode           hp-check               hp-info                hp-probe               hp-unload
hardening-check        hd                     history                hp-clean               hp-levels              hp-query               hwclock
hash                   hdparm                 host                   hp-colorcal            hp-logcapture          hp-scan
hbpldecode             head                   hostid                 hp-config_usb_printer  hp-makeuri             hp-setup
hciattach              help                   hostname               hp-doctor              hp-pkservice           hpssd
bliu@ubuntu:~$ i
Display all 135 possibilities? (y or n)
i386                           i686-linux-gnu-readelf         infokey                        intel_gtt                      ippfind
i686-linux-gnu-addr2line       i686-linux-gnu-size            infotocap                      intel_l3_parity                ipptool
i686-linux-gnu-ar              i686-linux-gnu-strings         init                           intel_reg_checker              iproxy
i686-linux-gnu-as              i686-linux-gnu-strip           init-checkconf                 intel_reg_dumper               iptables
i686-linux-gnu-c++filt         ibus                           initctl                        intel_reg_read                 iptables-apply
i686-linux-gnu-cpp             ibus-daemon                    initctl2dot                    intel_reg_snapshot             iptables-restore
i686-linux-gnu-cpp-4.8         ibus-setup                     inputattach                    intel_reg_write                iptables-save
i686-linux-gnu-dwp             ibus-table-createdb            insmod                         intel_sprite_on                iptables-xml
i686-linux-gnu-elfedit         iceauth                        install                        intel_stepping                 iptunnel
i686-linux-gnu-gcc             ico                            install-docs                   intel_upload_blit_large        irqbalance
i686-linux-gnu-gcc-4.8         iconv                          install-info                   intel_upload_blit_large_gtt    ischroot
i686-linux-gnu-gcc-ar          iconvconfig                    installkernel                  intel_upload_blit_large_map    isdv4-serial-debugger
i686-linux-gnu-gcc-ar-4.8      id                             install-printerdriver          intel_upload_blit_small        isodump
i686-linux-gnu-gcc-nm          iecset                         install-sgmlcatalog            interdiff                      isohybrid
i686-linux-gnu-gcc-nm-4.8      if                             instmodsh                      invoke-rc.d                    isohybrid.pl
i686-linux-gnu-gcc-ranlib      ifconfig                       intel_audio_dump               ionice                         isoinfo
i686-linux-gnu-gcc-ranlib-4.8  ifdown                         intel_backlight                ip                             isosize
i686-linux-gnu-gcov            ifquery                        intel_bios_dumper              ip6tables                      isovfy
i686-linux-gnu-gcov-4.8        ifup                           intel_bios_reader              ip6tables-apply                ispell-autobuildhash
i686-linux-gnu-gprof           ijs_pxljr                      intel_disable_clock_gating     ip6tables-restore              ispell-wrapper
i686-linux-gnu-ld              im-config                      intel_dpio_read                ip6tables-save                 iw
i686-linux-gnu-ld.bfd          im-launch                      intel_dpio_write               ipcmk                          iwconfig
i686-linux-gnu-ld.gold         in                             intel_error_decode             ipcrm                          iwevent
i686-linux-gnu-nm              in_array                       intel_forcewaked               ipcs                           iwgetid
i686-linux-gnu-objcopy         info                           intel_gpu_abrt                 ipmaddr                        iwlist
i686-linux-gnu-objdump         infobrowser                    intel_gpu_time                 ipod-read-sysinfo-extended     iwpriv
i686-linux-gnu-ranlib          infocmp                        intel_gpu_top                  ipod-time-sync                 iwspy
bliu@ubuntu:~$ j
jobs         join         jpmxprod.sh  json_pp      jump.sh
bliu@ubuntu:~$ k
kbdinfo            kbdrate            kerneloops-submit  killall            kmod
kbd_mode           kerneloops         kill               killall5           koi8rxterm
bliu@ubuntu:~$ l
Display all 118 possibilities? (y or n)
l                            lesskey                      locale                       loweb                        lsmod
l2ping                       lesspipe                     localectl                    lowntfs-3g                   lsof
l2test                       let                          localedef                    lowriter                     lspci
la                           lexgrog                      locale-gen                   lp                           lspcmcia
landscape-client-ui-install  libnetcfg                    locate                       lpadmin                      lspgpot
laptop-detect                libreoffice                  lockfile-check               lpc                          lss16toppm
last                         lightdm                      lockfile-create              lpinfo                       lsusb
lastb                        lightdm-session              lockfile-remove              lpmove                       ltrace
lastlog                      line                         lockfile-touch               lpoptions                    luit
lavadecode                   linguist                     lodraw                       lppasswd                     lupdate
lbm1.sh                      link                         loffice                      lpq                          lxterm
lbm2.sh                      lintian                      lofromtemplate               lpr                          lz
lcf                          lintian-info                 logger                       lprm                         lzcat
lconvert                     linux32                      login                        lp_solve                     lzcmp
ld                           linux64                      loginctl                     lpstat                       lzdiff
ldattach                     linux-boot-prober            logname                      lrelease                     lzegrep
ld.bfd                       listres                      logout                       ls                           lzfgrep
ldconfig                     ll                           logrotate                    lsattr                       lzgrep
ldconfig.real                ln                           logsave                      lsblk                        lzless
ldd                          lnstat                       loimpress                    lsb_release                  lzma
ld.gold                      loadkeys                     lomath                       lscpu                        lzmainfo
less                         loadunimap                   look                         lsdiff                       lzmore
lessecho                     local                        lorder                       lshw
lessfile                     localc                       losetup                      lsinitramfs
bliu@ubuntu:~$ m
Display all 120 possibilities? (y or n)
mail-lock         mcat              mdir              mke2fs            mkfs.ntfs         mlocate           mount.ntfs        msgconv           mtools
mail-touchlock    mcd               mdu               mkfifo            mkfs.vfat         mmcli             mount.ntfs-3g     msgen             mtoolstest
mail-unlock       mcheck            memdiskfind       mkfontdir         mkhomedir_helper  mmd               mountpoint        msgexec           mtr
make              mclasserase       mesg              mkfontscale       mkinitramfs       mmount            mount.vmhgfs      msgfilter         mtrace
make-ssl-cert     mcomp             mformat           mkfs              mkisofs           mmove             mousetweaks       msgfmt            mtype
man               mcookie           mii-tool          mkfs.bfs          mklost+found      mntctl            mpartition        msggrep           mv
mandb             mcopy             mimeopen          mkfs.cramfs       mkmanifest        moc               mrd               msginit           mxtar
manhole           mc-tool           mimetype          mkfs.ext2         mk_modmap         modinfo           mren              msgmerge          mzip
manpath           mc-wait-for-name  min12xxw          mkfs.ext3         mknod             modprobe          mscompress        msgunfmt
mapfile           md5pass           minfo             mkfs.ext4         mkntfs            more              msexpand          msguniq
mapscrn           md5sum            miniterm.py       mkfs.ext4dev      mkswap            mount             msgattrib         mshortname
mattrib           md5sum.textutils  mkdir             mkfs.fat          mktemp            mountall          msgcat            mshowfat
mawk              mdel              mkdiskimage       mkfs.minix        mkzftree          mount.fuse        msgcmp            mt
mbadblocks        mdeltree          mkdosfs           mkfs.msdos        mlabel            mount.lowntfs-3g  msgcomm           mt-gnu
bliu@ubuntu:~$ n
namei                      ncursesw5-config           nisdomainname              nproc                      ntfscluster                ntfstruncate
nameif                     neqn                       nl                         nroff                      ntfscmp                    ntfsundelete
nano                       net                        nm                         nslookup                   ntfscp                     ntfswipe
nautilus                   netcat                     nm-applet                  nstat                      ntfsdecrypt                ntpdate
nautilus-autorun-software  netkit-ftp                 nmblookup                  nsupdate                   ntfsdump_logfile           ntpdate-debian
nautilus-connect-server    netscsid                   nmcli                      ntfs-3g                    ntfsfix                    numfmt
nautilus-sendto            netstat                    nm-connection-editor       ntfs-3g.probe              ntfsinfo                   nvidia-detector
nawk                       newgrp                     nm-online                  ntfs-3g.secaudit           ntfslabel
nc                         newusers                   nm-tool                    ntfs-3g.usermap            ntfsls
ncal                       nfnl_osf                   nohup                      ntfscat                    ntfsmftalloc
nc.openbsd                 ngettext                   nologin                    ntfsck                     ntfsmove
ncurses5-config            nice                       notify-send                ntfsclone                  ntfsresize
bliu@ubuntu:~$ o
oakdecode                    od                           onboard                      openssl                      ownership
obex-data-server             ods-server                   onboard-settings             openvt
objcopy                      oldfind                      oneconf-query                opldecode
objdump                      omshell                      online-accounts-preferences  orca
oclock                       on_ac_power                  open                         os-prober
bliu@ubuntu:~$ p
Display all 197 possibilities? (y or n)
p11-kit                      pdfseparate                  plainbox-trusted-launcher-1  pppstats                     ptx
pacat                        pdftocairo                   pldd                         pptp                         pulseaudio
pacmd                        pdftohtml                    plipconfig                   pptpsetup                    purple-remote
pactl                        pdftoppm                     plog                         pr                           purple-send
padsp                        pdftops                      plymouth                     precat                       purple-send-async
pager                        pdftotext                    plymouthd                    preconv                      purple-url-handler
pal                          pdfunite                     plymouth-upstart-bridge      prename                      pushd
pam-auth-update              peekfd                       pmap                         preunzip                     pwck
pam_getenv                   perl                         pm-hibernate                 prezip                       pwconv
pamon                        perl5.18.2                   pm-is-supported              prezip-bin                   pwd
pam_tally                    perlbug                      pm-powersave                 print                        pwdx
pam_tally2                   perldoc                      pm-suspend                   printafm                     pwunconv
pam_timestamp_check          perlivp                      pm-suspend-hybrid            printenv                     pxelinux-options
paperconf                    perlthanks                   pnm2ppa                      printerbanner                py3clean
paperconfig                  pf2afm                       pod2html                     printer-profile              py3compile
paplay                       pfbtopfa                     pod2latex                    printf                       py3versions
parec                        pftp                         pod2latex.bundled            prove                        pybuild
parecord                     pg                           pod2man                      prtstat                      pyclean
parsechangelog               pgrep                        pod2text                     ps                           pycompile
parted                       pic                          pod2usage                    ps2ascii                     pydoc
partprobe                    pico                         podchecker                   ps2epsi                      pydoc2.7
partx                        piconv                       podselect                    ps2pdf                       pydoc3
passwd                       pidof                        poff                         ps2pdf12                     pydoc3.4
paste                        pilconvert.py                pon                          ps2pdf13                     pygettext
pasuspender                  pildriver.py                 popcon-largest-unused        ps2pdf14                     pygettext2.7
patch                        pilfile.py                   popd                         ps2pdfwr                     pygettext3
pathchk                      pilfont.py                   popularity-contest           ps2ps                        pygettext3.4
pax11publish                 pilprint.py                  poweroff                     ps2ps2                       pyhtmlizer
pccardctl                    ping                         ppdc                         ps2txt                       python
pcimodules                   ping6                        ppdhtml                      psed                         python2
pdb                          pinky                        ppdi                         psfaddtable                  python2.7
pdb2.7                       pivot_root                   ppdmerge                     psfgettable                  python3
pdb3                         pixeltool                    ppdpo                        psfstriptable                python3.4
pdb3.4                       pkaction                     pphs                         psfxtable                    python3.4m
pdf2dsc                      pkcheck                      ppmtolss16                   pstree                       python3m
pdf2ps                       pkexec                       pppconfig                    pstree.x11                   pyvenv-3.4
pdfdetach                    pkg-config                   pppd                         pstruct                      pyversions
pdffonts                     pkill                        pppdump                      ptar
pdfimages                    pkttyagent                   pppoeconf                    ptardiff
pdfinfo                      pl2pm                        pppoe-discovery              ptargrep
bliu@ubuntu:~$ q
qcollectiongenerator  qdoc                  qmake                 qmlmin                qmlviewer             qtpaths
qdbus                 qdoc3                 qml                   qmlplugindump         qpdf                  quirks-handler
qdbuscpp2xml          qglinfo               qml1plugindump        qmlprofiler           qpdldecode            quote
qdbusviewer           qhelpconverter        qmlbundle             qmlscene              qtchooser             quote_readline
qdbusxml2cpp          qhelpgenerator        qmlimportscanner      qmltestrunner         qtconfig
bliu@ubuntu:~$ r
ranlib                   readonly                 remove-default-wordlist  return                   rnano                    rtcwake
rarp                     readprofile              remove-shell             rev                      route                    rtkitctl
raw                      reboot                   rename                   rfcomm                   routef                   rtmon
rbash                    recode-sr-latin          rename.ul                rfkill                   routel                   rtstat
rcc                      recountdiff              rendercheck              rgrep                    rpcclient                runcon
rcp                      red                      renice                   rhythmbox                rpcgen                   runlevel
rctest                   rediff                   reset                    rhythmbox-client         rpl8                     run-mailcap
rdiffdir                 regdbdump                resize                   rlogin                   rsh                      running-in-container
read                     reject                   resize2fs                rm                       rstart                   run-parts
readarray                reload                   resizecons               rmdir                    rstartd                  run-with-aspell
readelf                  remmina                  resizepart               rmmod                    rsync                    rview
readlink                 remote.sh                resolvconf               rmt                      rsyslogd
readom                   remove-default-ispell    restart                  rmt-tar                  rtacct
bliu@ubuntu:~$ s
Display all 160 possibilities? (y or n)
s2p                           session-migration             shift                         soffice                       start-pulseaudio-x11
safe_finger                   sessreg                       shopt                         software-center               start-stop-daemon
samba_kcc                     set                           shotwell                      software-center-gtk3          startx
samba-regedit                 setarch                       showconsolefont               software-properties-gtk       stat
samba-tool                    setcap                        showfont                      sol                           static-sh
saned                         setfacl                       showkey                       sort                          status
sane-find-scanner             setfont                       showrgb                       sotruss                       stdbuf
savelog                       setkeycodes                   shred                         source                        stop
scanimage                     setleds                       shuf                          spd-conf                      strace
scp                           setlogcons                    shutdown                      spd-say                       strings
scp-dbus-service              setmetamode                   signond                       speaker-test                  strip
screen                        setpci                        signonpluginprocess           speech-dispatcher             stty
screendump                    setsid                        signon-ui                     splain                        su
script                        setterm                       simple-scan                   split                         sudo
scriptreplay                  setupcon                      size                          splitdiff                     sudoedit
sdiff                         setvesablank                  skill                         splitfont                     sudoreplay
sdptool                       setvtrgb                      slabtop                       sprof                         sulogin
seahorse                      setxkbmap                     slattach                      ss                            sum
secaus.sh                     sfdisk                        sleep                         ssh                           suspend
sed                           sftp                          slogin                        ssh-add                       swaplabel
see                           sg                            slxdecode                     ssh-agent                     swapoff
select                        sgdisk                        smbcacls                      ssh-argv0                     swapon
select-default-ispell         sh                            smbclient                     ssh-askpass                   switch_root
select-default-iwrap          sha1pass                      smbcquotas                    ssh-copy-id                   sync
select-default-wordlist       sha1sum                       smbget                        sshfs                         synclient
select-editor                 sha224sum                     smbpasswd                     ssh-keygen                    syndaemon
sensible-browser              sha256sum                     smbspool                      ssh-keyscan                   sysctl
sensible-editor               sha384sum                     smbtar                        sshpass                       syslinux
sensible-pager                sha512sum                     smbtree                       start                         syslinux2ansi
seq                           shadowconfig                  smproxy                       startpar                      syslinux-legacy
service                       shasum                        snice                         startpar-upstart-inject       system-config-printer
session-installer             sh.distrib                    soelim                        start-pulseaudio-kde          system-config-printer-applet
bliu@ubuntu:~$ t
t1ascii                  tar                      telinit                  times                    tr                       try-from
t1asm                    tarcat                   telnet                   tload                    tracepath                tset
t1binary                 taskset                  telnet.netkit            toe                      tracepath6               tsort
t1disasm                 tbl                      tempfile                 top                      traceroute6              tst_inactivity_timer
t1mac                    tc                       test/                    toshsat1800-irdasetup    traceroute6.iputils      ttfread
t1unmac                  tclsh                    testparm                 toshset                  transmission-gtk         tty
tabs                     tclsh8.6                 tgz                      totem                    transset                 tune2fs
tac                      tcpd                     then                     totem-audio-preview      trap                     tunelp
tail                     tcpdchk                  thunderbird              totem-video-thumbnailer  trial                    twistd
tailf                    tcpdmatch                tic                      touch                    troff                    type
tap2deb                  tcpdump                  time                     tput                     true                     typeset
tap2rpm                  tee                      timedatectl              tpvmlp                   truncate                 tzconfig
tapconvert               telepathy-indicator      timeout                  tpvmlpd                  trust                    tzselect
bliu@ubuntu:~$ u
Display all 114 possibilities? (y or n)
uat0                         uname                        until                        update-grub2                 upstart-event-bridge
ubuntu-bug                   unattended-upgrade           unwrapdiff                   update-grub-gfxpayload       upstart-file-bridge
ubuntu-drivers               unattended-upgrades          unxz                         update-gsfontmap             upstart-local-bridge
ubuntu-support-status        uncompress                   unzip                        update-icon-caches           upstart-socket-bridge
ubuntu-webapps-update-index  unexpand                     unzipsfx                     update-icon-caches.gtk2      upstart-udev-bridge
ucf                          unicode_start                update-alternatives          update-inetd                 uptime
ucfq                         unicode_stop                 update-apt-xapian-index      update-info-dir              ureadahead
ucfr                         uniq                         update-ca-certificates       update-initramfs             usb-creator-gtk
ucs2any                      unity                        update-catalog               update-locale                usb-devices
udevadm                      unity-control-center         update-cracklib              update-manager               usbhid-dump
udevd                        unity-greeter                updatedb                     update-mime                  usb_modeswitch
udisksctl                    unity-scope-loader           updatedb.mlocate             update-mime-database         usb_modeswitch_dispatcher
ufw                          unity-settings-daemon        update-default-aspell        update-mime-database.real    usbmuxd
uic                          unity-webapps-desktop-file   update-default-ispell        update-notifier              usb_printerid
uic3                         unity-webapps-qml-launcher   update-default-wordlist      update-passwd                useradd
ul                           unity-webapps-runner         update-desktop-database      update-pciids                userdel
ulimit                       unix_chkpwd                  update-dictcommon-aspell     update-rc.d                  usermod
ulockmgr_server              unix_update                  update-dictcommon-hunspell   update-software-center       users
umask                        unlink                       update-fonts-alias           update-usbids                uuidd
umax_pp                      unlzma                       update-fonts-dir             update-xmlcatalog            uuidgen
umount                       unopkg                       update-fonts-scale           upgrade-from-grub-legacy     uxterm
umount.udisks2               unset                        update-gconf-defaults        upower                       uz
unalias                      unshare                      update-grub                  upstart-dbus-bridge
bliu@ubuntu:~$ v
validlocale                view                       vipw                       vmware-checkvm             vmware-uninstall-tools.pl  vpddecode
vbetool                    viewres                    visudo                     vmware-config-tools.pl     vmware-user                vstp
vcard2pal                  vigr                       vmmouse_detect             vmwarectrl                 vmware-vmblock-fuse
vcstime                    vim.tiny                   vmstat                     vmware-hgfsclient          vmware-xdg-detect-de
vdir                       vino-passwd                vm-support                 vmware-rpctool             vmware-xferlogs
vi                         vino-preferences           vmtoolsd                   vmware-toolbox-cmd         volname
bliu@ubuntu:~$ w
w                     webapp-container      whereis               whoami                wish                  wpa_cli
wait                  webbrowser-app        which                 whoopsie              wish8.6               wpa_passphrase
wall                  wftopfa               while                 whoopsie-preferences  wodim                 wpa_supplicant
watch                 wget                  whiptail              wiki                  word-list-compress    w.procps
wc                    whatis                who                   wipefs                wpa_action            write
bliu@ubuntu:~$ x
x11perf                   xdg-mime                  xfontsel                  xload                     xrandr-tool               xvidtune
x11perfcomp               xdg-open                  xfsinfo                   xlogo                     xrdb                      xvinfo
xargs                     xdg-screensaver           xgamma                    xlsatoms                  xrefresh                  xwd
xauth                     xdg-settings              xgc                       xlsclients                xrotate                   xwininfo
xbiff                     xdg-user-dir              xgettext                  xlsfonts                  x-session-manager         xwud
xcalc                     xdg-user-dirs-gtk-update  xhost                     xmag                      xset                      x-www-browser
xclipboard                xdg-user-dirs-update      xinit                     xman                      xsetmode                  xxd
xclock                    xdiagnose                 xinput                    xmessage                  xsetpointer               xz
xcmsdb                    xditview                  xkbbell                   xmlpatterns               xsetroot                  xzcat
xconsole                  xdpyinfo                  xkbcomp                   xmlpatternsvalidator      xsetwacom                 xzcmp
xcursorgen                xdriinfo                  xkbevd                    xmodmap                   xsm                       xzdiff
xcutsel                   xedid                     xkbprint                  xmore                     xstdcmap                  xzegrep
xdg-desktop-icon          xedit                     xkbvleds                  xpci                      xsubpp                    xzfgrep
xdg-desktop-menu          xev                       xkbwatch                  xprop                     xtables-multi             xzgrep
xdg-email                 xeyes                     xkeystone                 xqxdecode                 xterm                     xzless
xdg-icon-resource         xfd                       xkill                     xrandr                    x-terminal-emulator       xzmore
bliu@ubuntu:~$ y
yelp          yes           ypdomainname
bliu@ubuntu:~$ z
zcat               zegrep             zfgrep             zip                zipinfo            zless              zsoelim
zcmp               zeitgeist-daemon   zforce             zipcloak           zipnote            zlib-flate
zdiff              zeitgeist-datahub  zgrep              zipdetails         zipsplit           zmore
zdump              zenity             zic                zipgrep            zjsdecode          znew
bliu@ubuntu:~$ ls
bin  Desktop  Documents  Downloads  examples.desktop  hardcopy.7  Music  oleg.txt  Pictures  Public  remote  Templates  test  Videos
bliu@ubuntu:~$ less hardcopy.7
umask                        unlink                       update-fonts-alias           update-usbids                uuidd
umax_pp                      unlzma                       update-fonts-dir             update-xmlcatalog            uuidgen
umount                       unopkg                       update-fonts-scale           upgrade-from-grub-legacy     uxterm
umount.udisks2               unset                        update-gconf-defaults        upower                       uz
unalias                      unshare                      update-grub                  upstart-dbus-bridge
bliu@ubuntu:~$ v
validlocale                view                       vipw                       vmware-checkvm             vmware-uninstall-tools.pl  vpddecode
vbetool                    viewres                    visudo                     vmware-config-tools.pl     vmware-user                vstp
vcard2pal                  vigr                       vmmouse_detect             vmwarectrl                 vmware-vmblock-fuse
vcstime                    vim.tiny                   vmstat                     vmware-hgfsclient          vmware-xdg-detect-de
vdir                       vino-passwd                vm-support                 vmware-rpctool             vmware-xferlogs
vi                         vino-preferences           vmtoolsd                   vmware-toolbox-cmd         volname
bliu@ubuntu:~$ w
w                     webapp-container      whereis               whoami                wish                  wpa_cli
wait                  webbrowser-app        which                 whoopsie              wish8.6               wpa_passphrase
wall                  wftopfa               while                 whoopsie-preferences  wodim                 wpa_supplicant
watch                 wget                  whiptail              wiki                  word-list-compress    w.procps
wc                    whatis                who                   wipefs                wpa_action            write
bliu@ubuntu:~$ x
x11perf                   xdg-mime                  xfontsel                  xload                     xrandr-tool               xvidtune
x11perfcomp               xdg-open                  xfsinfo                   xlogo                     xrdb                      xvinfo
xargs                     xdg-screensaver           xgamma                    xlsatoms                  xrefresh                  xwd
xauth                     xdg-settings              xgc                       xlsclients                xrotate                   xwininfo
xbiff                     xdg-user-dir              xgettext                  xlsfonts                  x-session-manager         xwud
xcalc                     xdg-user-dirs-gtk-update  xhost                     xmag                      xset                      x-www-browser
xclipboard                xdg-user-dirs-update      xinit                     xman                      xsetmode                  xxd
xclock                    xdiagnose                 xinput                    xmessage                  xsetpointer               xz
xcmsdb                    xditview                  xkbbell                   xmlpatterns               xsetroot                  xzcat
xconsole                  xdpyinfo                  xkbcomp                   xmlpatternsvalidator      xsetwacom                 xzcmp
xcursorgen                xdriinfo                  xkbevd                    xmodmap                   xsm                       xzdiff
xcutsel                   xedid                     xkbprint                  xmore                     xstdcmap                  xzegrep
xdg-desktop-icon          xedit                     xkbvleds                  xpci                      xsubpp                    xzfgrep
xdg-desktop-menu          xev                       xkbwatch                  xprop                     xtables-multi             xzgrep
xdg-email                 xeyes                     xkeystone                 xqxdecode                 xterm                     xzless
xdg-icon-resource         xfd                       xkill                     xrandr                    x-terminal-emulator       xzmore
bliu@ubuntu:~$ y
yelp          yes           ypdomainname
bliu@ubuntu:~$ z
zcat               zegrep             zfgrep             zip                zipinfo            zless              zsoelim
zcmp               zeitgeist-daemon   zforce             zipcloak           zipnote            zlib-flate
zdiff              zeitgeist-datahub  zgrep              zipdetails         zipsplit           zmore
zdump              zenity             zic                zipgrep            zjsdecode          znew
bliu@ubuntu:~$ wc -l hardcopy.7
43 hardcopy.7
bliu@ubuntu:~$ ls
bin  Desktop  Documents  Downloads  examples.desktop  hardcopy.7  Music  oleg.txt  Pictures  Public  remote  Templates  test  Videos
bliu@ubuntu:~$
bliu@ubuntu:~$
bliu@ubuntu:~$
bliu@ubuntu:~$
bliu@ubuntu:~$
bliu@ubuntu:~$
bliu@ubuntu:~$
bliu@ubuntu:~$
bliu@ubuntu:~$
bliu@ubuntu:~$
bliu@ubuntu:~$ ls
bin  Desktop  Documents  Downloads  examples.desktop  hardcopy.7  Music  oleg.txt  Pictures  Public  remote  Templates  test  Videos
bliu@ubuntu:~$ vi tt

"perf", "tuna", and "performance copilot"
~
~
~
~
~
~
~
~
~
~
~
~
~
~
~
~
~
~
~
~
~
~
~
~
~
~
~
~
~
~
~
~
~
~
~
~
~
~
~
~
~
bliu@ubuntu:~$ ls
bin  Desktop  Documents  Downloads  examples.desktop  hardcopy.7  Music  oleg.txt  Pictures  Public  remote  Templates  test  Videos
bliu@ubuntu:~$ rm hardcopy.7
bliu@ubuntu:~$ ls
bin  Desktop  Documents  Downloads  examples.desktop  Music  oleg.txt  Pictures  Public  remote  Templates  test  Videos
bliu@ubuntu:~$ ls
bin  Desktop  Documents  Downloads  examples.desktop  Music  oleg.txt  Pictures  Public  remote  Templates  test  Videos
bliu@ubuntu:~$ history
  895  grep ANIK cum.pos|sort -nk3
  896  grep 20434105 *.position|grep ANIK
  897  grep 20486629 *.position|grep ANIK
  898  grep 20486629 *.position
  899  grep 20486629 *.position|grep ANIK
  900  grep ANIK cum.pos|sort -nk3
  901  grep 20406986 *.position|grep ANIK
  902  grep 20406986 *.position
  903  ./remote.sh Lghlmcl1
  904  ./imbalance.pl 0731.position
  905  egrep "183540|673498|156746" 0731.position
  906  for i in 07*.positin; { ./imblance.pl $i; }
  907  for i in 07*.positin; { ./imbalance.pl $i; }
  908  ls
  909  ls 07*.positin
  910  for i in 07*.position; { ./imbalance.pl $i; }
  911  for i in 07*.position; { ./imbalance.pl $i; }|grep Z
  912  pwd
  913  ls
  914  cd test
  915  ls
  916  ls -ltr
  917  cd ..
  918  mkdir test2
  919  cd test2
  920  scp f083251@169.89.255.120:tmp/tprio1.c .
  921  gcc -o tprio1 tprio1.c -pthread
  922  ./tprio1&
  923  top -H -p 2682
  924  ls
  925  pwd
  926  history
  927  ps
  928  ps -l
  929  renice -5 -p 2682
  930  id
  931  locate limits.conf
  932  vi /etc/security/limits.conf
  933  ls /etc/security/
  934  ls /etc/security/capability.conf
  935  vi /etc/security/capability.conf
  936  vi /etc/security/limits.conf
  937  sudo vi /etc/security/limits.conf
  938  ps
  939  renice -5 -p 2682
  940  exit
  941  ps
  942  ps -ef|grep tpr
  943  kill 2682
  944  ps -ef|grep bliu
  945  ls
  946  cd test2
  947  ps -l
  948  ls
  949  ./tprio1&
  950  ps -l
  951  top -h -P 2993
  952  top -H -P 2993
  953  top -H -p 2993
  954  renice -5 -p 2993
  955  renice -5 2993
  956  fg
  957  sudo vi /etc/security/limits.conf
  958  exit
  959  pwd
  960  cd test
  961  ls
  962  cd ../test2
  963  ./tprio1 &
  964  ps
  965  ps -l
  966  top -H -p 3152
  967  cat /etc/security/limits.conf
  968  sudo vi /etc/security/capability.conf
  969  exit
  970  cd test
  971  cd ../test2
  972  ls
  973  ps -ef|grep tpr
  974  kill 3152
  975  ps -ef|grep tpr
  976  ls
  977  ps -l
  978  ./tprio1 &
  979  ps -l
  980  top -p 3420
  981  top -H -p 3420
  982  ls
  983  renice 5 3420
  984  top -H -p 3420
  985  renice -5 3420
  986  exit
  987  ps -ef|grep tp
  988  kill 3420
  989  getpcaps $$
  990  ps
  991  getpcaps 3475
  992  getpcaps -p 3475
  993  getpcaps  3475
  994  ls /sbin/|grep cap
  995  getcap  3475
  996  getpcaps  3475
  997  capsh
  998  capsh --print
  999  pwd
 1000  cd test
 1001  ls
 1002  ls -ltr
 1003  grep cum.pos |SID
 1004  grep cum.pos |grep SID
 1005  grep SID cum.pos
 1006  grep SID cum.pos |sort -nk3
 1007  grep 20265291 0731.position
 1008  cat gd.txt
 1009  cat bd.txt
 1010  cat list.txt
 1011  vi gd.txt
 1012  id
 1013  sudo vi /etc/security/limits.conf
 1014  exit
 1015  ps
 1016  fg
 1017  exit
 1018  vi sec.sh
 1019  cd test2
 1020  ls
 1021  ./tprio1 &
 1022  ps -l
 1023  top -H -p 3992
 1024  fg
 1025  vi tprio1.c
 1026  ps -ef|grep tpr
 1027  gcc -o tprio1 tprio1.c -pthread
 1028  vi tprio1.c
 1029  gcc -o tprio1 tprio1.c -pthread
 1030  vi tprio1.c
 1031  gcc -o tprio1 tprio1.c -pthread
 1032  ./tprio1 &
 1033  top -H -p 4073
 1034  ps
 1035  fg
 1036  ls
 1037  cd ../test
 1038  ./remote.sh Lghlmcl1
 1039  history
 1040  ls -ltr
 1041  ./imbalance.pl 0801.position
 1042  history
 1043  ./remote.sh Lghlmcl1
 1044  ls -ltr
 1045  date
 1046  rm 0806.*
 1047  ls -ltr
 1048  date
 1049  ./remote.sh Lghlmcl1
 1050  ls
 1051  ls -ltr
 1052  rm  eqpwk-*.0806 0806.* 0805.*
 1053  ./remote.sh Lghlmcl1
 1054  ls -ltr
 1055  ./remote.sh Lghlmcl1
 1056  date
 1057  ls -ltr
 1058  ./remote.sh Lghlmcl1
 1059  ls *.pl
 1060  cat trades.pl
 1061  vi remote.sh
 1062  ls
 1063  vi pushsc.sh
 1064  cksum trades.pl
 1065  cp trades.pl stats.pl
 1066  grep ARG *.pl
 1067  vi calvwap.pl
 1068  ls
 1069  diff stats.pl trades.pl
 1070  vi pushsc.sh
 1071  cp pushsc.sh pushsc.sh.sav
 1072  vi pushsc.sh
 1073  ./pushsc.sh stats.pl
 1074  grep ARGV *.pl
 1075  vi pushsc.sh
 1076  ls *.sh
 1077  vi remote.sh
 1078  vi pushsc.sh
 1079  ./pushsc.sh stats.pl
 1080  vi pushsc.sh
 1081  vi remote.sh
 1082  cat pushsc.sh
 1083  ./remote.sh Lghlmcl1
 1084  ls -ltr
 1085  ./imbalance.pl 0811.position
 1086  ./imbalance.pl 0811.position |sort -nk4|column -t
 1087  cat gd.txt
 1088  egrep "183540|15058943|20498230|15073759|59604635|506757" 0811.position
 1089  egrep "183540|15058943|20498230|15073759|59604635|506757" 0811.position|sort -nk4|column -t
 1090  cp remote.sh remoteprev.sh
 1091  vi remoteprev.sh
 1092  ./remoteprev.sh Lghlmcl1
 1093  vi remote.sh
 1094  ./remoteprev.sh Lghlmcl1
 1095  vi remote.sh
 1096  pwd
 1097  cd
 1098  ls
 1099  vi .pass
 1100  ls -l .pass
 1101  chmod a-r g-rw .pass
 1102  chmod a-r  .pass
 1103  chmod g-rw  .pass
 1104  ls -l .pass
 1105  which sshpass
 1106  echo "uptime"|tee >(sshpass -f ~/.pass ssh f083251@eqdcr-exb12.us.jpmchase.net) >(sshpass -f ~/.pass ssh f083251@eqdcr-exb19.us.jpmchase.net)
 1107  echo "ls"|tee >(sshpass -f ~/.pass ssh f083251@eqdcr-exb12.us.jpmchase.net) >(sshpass -f ~/.pass ssh f083251@eqdcr-exb19.us.jpmchase.net)
 1108  vi test/remote.sh
 1109  sshpass -f ~/.pass ssh f083251@eqdcr-exb12.us.jpmchase.net 'ls'
 1110  sshpass -f ~/.pass ssh f083251@eqdcr-exb12.us.jpmchase.net 'ls' > a.out
 1111  cat a.out
 1112  rm a.out
 1113  cat ~/.pass
 1114  chmod u+r ~/.pass
 1115  cat ~/.pass
 1116  sshpass -f ~/.pass ssh f083251@eqdcr-exb12.us.jpmchase.net 'ls'
 1117  ssh f083251@eqdcr-exb12.us.jpmchase.net 'ls'
 1118  ssh f083251@eqdcr-exb12.us.jpmchase.net
 1119  ssh f083251@eqdcr-exb20.us.jpmchase.net
 1120  ssh f083251@eqdcr-exb12.us.jpmchase.net 'ls'
 1121  cat ~/.pass
 1122  vi ~/.pass
 1123  history
 1124  sshpass -f ~/.pass ssh f083251@eqdcr-exb12.us.jpmchase.net 'ls'
 1125  cd test
 1126  vi remote.sh
 1127  history
 1128  vi remote.sh
 1129  ./remote.sh
 1130  ./para.sh
 1131  head remote.sh
 1132  cat remote.sh
 1133  mv remote.sh calc.sh
 1134  vi calc.sh
 1135  ls *.sh
 1136  ls *.pl
 1137  diff stats.pl trades.pl
 1138  netstat -alntp
 1139  sudo lsof -i
 1140  ls -ltr
 1141  rm *.par
 1142  vi remoteprev.sh
 1143  vi para.sh
 1144  ls -ltr
 1145  ./calc.sh
 1146  ls -ltr
 1147  cat gd.txt
 1148  egrep "183540|15058943|20498230|15073759|59604635|506757" 0814.position
 1149  egrep "183540|15058943|20498230|15073759|59604635|506757" 0814.position|column -t
 1150  egrep "673498|156746|441162|20265291" 0814.position
 1151  ./imbalance.pl 0814.position
 1152  ./imbalance.pl 0814.position |column -t
 1153  ./imbalance.pl 0814.position |sort -nk4|column -t
 1154  history|grep egrep
 1155  egrep "183540|15058943|20498230|15073759|59604635|506757" 0814.position|sort -nk4|column -t
 1156  egrep "673498|156746|441162|20265291" 0814.position
 1157  grep 441162 *.position
 1158  grep 441162 *.position|awk -F: '{print $2}'
 1159  grep 441162 *.position|awk -F: '{print $2}'|sort
 1160  cat gd.txt
 1161  grep 183540 *.position|awk -F: '{print $2}'|sort
 1162  ls -ltr
 1163  ./calc.sh
 1164  ls -ltr
 1165  ./imbalance.pl 0814.position
 1166  ./imbalance.pl 0814.position |sort -nk4|column -t
 1167  vi gd.txt
 1168  cat gd.txt
 1169  egrep "673498|156746|441162|20265291" 0814.position
 1170  egrep "183540|15058943|20498230|15073759|59604635|506757" 0814.position
 1171  egrep "183540|15058943|20498230|15073759|59604635|506757" 0814.position |sort -nk4|column -t
 1172  ls -ltr
 1173  less eqpwk-exb91.0815
 1174  less eqpwk-exb92.0814
 1175  less eqpwk-exb91.0815
 1176  rm *.0815
 1177  ls
 1178  diff stats.pl trades.pl
 1179  cp local.sh remote.sh
 1180  vi remote.sh
 1181  ./remote.sh
 1182  vi remote.sh
 1183  ./remote.sh
 1184  vi remote.sh
 1185  ./remote.sh
 1186  ls
 1187  vi local.sh
 1188  ./local.sh
 1189  ls -ltr
 1190  vi local.sh
 1191  rm *.0815
 1192  ls
 1193  ls -ltr
 1194  grep SEAS 0811.position
 1195  grep SEAS 0811.position |columnn -t|sort -nk4
 1196  grep SEAS 0811.position |sort -nk4|column -t
 1197  grep SEAS 0812.position |sort -nk4|column -t
 1198  grep 0605748318T52 0811.position
 1199  grep 0605748318T52 0812.position
 1200  grep SEAS 0811.position |sort -nk4|column -t
 1201  grep 20772738 0811.position
 1202  grep 20772738 0812.position
 1203  grep SEAS 0811.position |sort -nk4|column -t
 1204  grep 20519527 0811.position
 1205  grep SEAS 0811.position |sort -nk4|column -t
 1206  grep 20739995 0811.position
 1207  grep SEAS 0811.position |sort -nk4|column -t
 1208  grep 20472225 0811.position
 1209  grep SEAS 0812.position |sort -nk4|column -t
 1210  grep 060-68375-16-T52 0812.position
 1211  grep SEAS 0812.position |sort -nk4|column -t
 1212  grep 20468044 0812.position
 1213  grep SEAS 0812.position |sort -nk4|column -t
 1214  grep 20406986 0812.position
 1215  grep SEAS 0812.position |sort -nk4|column -t
 1216  grep 0606538510T52 0812.position
 1217  grep SEAS 0812.position |sort -nk4|column -t
 1218  grep 061753331013I 0812.position
 1219  grep SEAS 0812.position |sort -nk4|column -t
 1220  grep 20536040 0812.position
 1221  ls -ltr
 1222  ./local.sh
 1223  ls -ltr
 1224  ls
 1225  ls -ltr
 1226  ls
 1227  ls -ltr
 1228  ls
 1229  ls -ltr
 1230  ps
 1231  top
 1232  ls
 1233  ls -ltr
 1234  ls
 1235  ls -ltr
 1236  cat local.sh
 1237  ls -ltr
 1238  ./calc.sh
 1239  ./imbalance.pl 0815.position
 1240  ./imbalance.pl 0815.position |sort -nk4|column -t
 1241  egrep "183540|15058943|20498230|15073759|59604635|506757" 0815.position |sort -nk4|column -t
 1242  ./local.sh
 1243  ls
 1244  history
 1245  ls -ltr
 1246  cat remote
 1247  cat remote.sh
 1248  ./local.sh
 1249  ./calc.sh
 1250  ./imbalance.pl 0818.position
 1251  egrep "183540|673498|156746|519909|265824|20095149" 0818.position
 1252  egrep "183540|673498|156746|519909|265824|20095149" 0818.position |sort -nk4|column -t
 1253  egrep "673498|156746|441162|20265291" 0818.position |sort -nk4|column -t
 1254  egrep "183540|15058943|20498230|15073759|59604635|506757" 0818.position |sort -nk4|column -t
 1255  history
 1256  ./local.sh
 1257  ls
 1258  ls -a
 1259  ls ~/.*
 1260  ls -a ~
 1261  vi ~/.pass
 1262  cd test
 1263  ls
 1264  ./local.sh
 1265  ./calc.sh
 1266  ls -ltr
 1267  ./imbalance.pl 0819.position
 1268  cat gd.txt
 1269  egrep "673498|156746|441162|20265291" 0819.position
 1270  egrep "183540|15058943|20498230|15073759|59604635|506757" 0819.position
 1271  egrep "183540|15058943|20498230|15073759|59604635|506757" 0819.position|sort -nk4|column -t
 1272  ./local.sh
 1273  ./calc.sh
 1274  egrep "183540|15058943|20498230|15073759|59604635|506757" 0820.position|sort -nk4|column -t
 1275  egrep "673498|156746|441162|20265291" 0819.position|sort -nk4|column -t
 1276  ./local.sh
 1277  ./calc.sh
 1278  cat local.sh
 1279  history
 1280  ./local.sh
 1281  ls -ltr
 1282  ./calc.sh
 1283  ls -ltr
 1284  ./imbalance.pl 0822.position
 1285  egrep "673498|156746|441162|20265291" 0822.position|sort -nk4|column -t
 1286  egrep "183540|15058943|20498230|15073759|59604635|506757" 0822.position|sort -nk4|column -t
 1287  cd ~/bin
 1288  ls
 1289  vi jpmxprod.sh
 1290  cd
 1291  . ~/.bashrc
 1292  jpmxprod.sh
 1293  lbmlogger.sh
 1294  history
 1295  fucmd
 1296  cmdfu awk
 1297  def awk
 1298  wiki awk
 1299  cat .bashrc
 1300  define awk
 1301  define hello
 1302  curl -sA"Opera" "http://www.google.com/search?q=define:hello"
 1303  which nl
 1304  cat .bashrc
 1305  curl -sA"Opera" "http://www.google.com/search?q=define:hello"|grep -Po '(?<=<li>)[^<]+'|nl
 1306  curl -sA"Opera" "http://www.google.com/search?q=define:hello world"|grep -Po '(?<=<li>)[^<]+'|nl
 1307  curl -sA"Opera" "http://www.google.com/search?q=define:hello\ world"|grep -Po '(?<=<li>)[^<]+'|nl
 1308  curl -sA"Opera" "http://www.google.com/search?q=define:\"hello\ world\""|grep -Po '(?<=<li>)[^<]+'|nl
 1309  curl -sA"Opera" "http://www.google.com/search?q=define:\"hello\ world\""|grep -Po '(?<=<li>)[^<]+'
 1310  curl -sA"Opera" "http://www.google.com/search?q=define:world"|grep -Po '(?<=<li>)[^<]+'
 1311  curl -sA"Opera" "http://www.google.com/search?q=define:hello"|grep -Po '(?<=<li>)[^<]+'
 1312  curl -sA"Opera" "http://www.google.com/search?q=define:os"|grep -Po '(?<=<li>)[^<]+'
 1313  vi ~/.bashrc
 1314  . ~/.bashrc
 1315  define hello
 1316  define "hello world"
 1317  define "operating system"
 1318  def "hello world"
 1319  def "operating system"
 1320  cal
 1321  fucmd
 1322  history
 1323  ./calc.sh
 1324  cd test
 1325  ./calc.sh
 1326  ./local.sh
 1327  ls -ltr
 1328  ./calc.sh
 1329  ls -ltr
 1330  ./imbalance.pl 0822.position
 1331  egrep "183540|15058943|20498230|15073759|59604635|506757" 0822.position|sort -nk4|column -t
 1332  egrep "673498|156746|441162|20265291" 0822.position|sort -nk4|column -t
 1333  head 0731.position
 1334  head 0731.position | awk -F, '{print abs($3}'
 1335  head 0731.position | awk -F, '{print abs($3)}'
 1336  awk -F, '{sum += $3} END {print $sum}' 0731.position
 1337  head 0731.position
 1338  head 0731.position | awk -F, '{print $3}'
 1339  head 0731.position | awk -F, '{sum+=$3} END {print $sum}'
 1340  awk -F, '{print $3}' 0731.position |head
 1341  > tzz
 1342  less tzz
 1343  awk -F, '{print $3}' 0731.position > tzz
 1344  less tzz
 1345  which numsum
 1346  cat tzz | awk '{sum+=$1} END {print sum}'
 1347  rm tzz
 1348  ls *0731*
 1349  head eqpwk-exb87.0731
 1350  awk '{sum += $6} END {print sum}' eqpwk-exb87.0731
 1351  awk '{sum += $6} END {print sum}' eqpwk-exb90.0731
 1352  awk '{sum += $6} END {print sum}' eqpwk-exb91.0731
 1353  awk '{sum += $6} END {print sum}' eqpwk-exb92.0731
 1354  bc
 1355  less eqpwk-exb87.0731
 1356  ls -ltr
 1357  for i in *.0731; { awk '{sum += $6} END {print sum}' $i; }
 1358  for i in *.0801; { awk '{sum += $6} END {print sum}' $i; }
 1359  for i in *.0731; { awk '{sum += $6} END {print sum}' $i; }|paste -sd+|bc
 1360  for i in *.0801; { awk '{sum += $6} END {print sum}' $i; }|paste -sd+|bc
 1361  ./imbalance.pl 0801.position
 1362  cat gd.txt
 1363  egrep 183540|673498|156746|441162|20265291 0801.position
 1364  egrep "183540|673498|156746|441162|20265291" 0801.position
 1365  history
 1366  clear
 1367  ls -ltr
 1368  history|grep awk
 1369  for i in *.0801; { awk '{sum += $6} END {print sum}' $i; }|paste -sd+|bc
 1370  ls -ltr
 1371  for i in *.0804; { awk '{sum += $6} END {print sum}' $i; }|paste -sd+|bc
 1372  ./imbalance.pl 0804.position
 1373  history
 1374  ./imbalance.pl 0804.position |sort -nk3
 1375  egrep "183540|673498|156746|441162|20265291" 0804.position|sort -nk3
 1376  egrep "183540|673498|156746|441162|20265291" 0805.position|sort -nk3
 1377  ./imbalance.pl 0805.position
 1378  grep 183540 08*.position
 1379  history
 1380  vi remote.sh
 1381  vi netposition.pl
 1382  grep 183540 08*.position
 1383  vi netposition.pl
 1384  ls *.pl
 1385  vi vwapsum.pl
 1386  cp netposition.pl netposition.pl.sav
 1387  vi netposition.pl
 1388  ls -ltr
 1389  head 0804.position
 1390  head eqpwk-exb87.0805
 1391  ls -ltr
 1392  head 0806.position
 1393  history
 1394  egrep "183540|673498|156746|441162|20265291" 0806.position|sort -nk3
 1395  egrep "183540|673498|156746|441162|20265291" 0806.position|sort -nk4
 1396  grep 183540 0806.position|sort -nk4
 1397  vi imbalance.pl
 1398  ./imbalance.pl 0806.position
 1399  cp imbalance.pl imbalance.pl.sav
 1400  vi imbalance.pl
 1401  ./imbalance.pl 0806.position
 1402  ls -ltr
 1403  grep 183540 0806.position|sort -nk4
 1404  grep 183540 0807.position|sort -nk4
 1405  grep 183540 0808.position|sort -nk4
 1406  ./imbalance.pl 0808.position
 1407  date
 1408  grep KMI 0808.position
 1409  grep KMI 0808.position|sort -nk4
 1410  grep KMP 0808.position|sort -nk4
 1411  grep KMR 0808.position|sort -nk4
 1412  grep KMR 0808.position|sort -nk4|grep -v TKMR
 1413  grep EBP 0808.position|sort -nk4
 1414  grep EPB 0808.position|sort -nk4
 1415  grep 15058943 0808.position
 1416  grep 15058943 0807.position
 1417  grep 15058943 0806.position
 1418  grep 15058943 0805.position
 1419  grep 15058943 0804.position
 1420  grep 15058943 0803.position
 1421  grep 15058943 0802.position
 1422  grep 20498230 0808.position
 1423  ls -ltr
 1424  vi gd.txt
 1425  grep 20740701 0808.position
 1426  cat gd
 1427  cat gd.txt
 1428  grep 20498230 0807.position
 1429  grep 20498230 0806.position
 1430  ls *.position
 1431  ls -ltr
 1432  ./netposition.pl *.0805
 1433  ls -ltr
 1434  ./netposition.pl *.0805 > 0805.position
 1435  ls -ltr
 1436  ls *.position
 1437  history
 1438  grep EPB *.position
 1439  grep EPB *.position|sort -kn4
 1440  grep EPB *.position|sort -kn3
 1441  grep EPB *.position|sort -nk3
 1442  grep EPB *.position|sort -nk4
 1443  grep EPB *.position|sort -nk3
 1444  cat gd.txt
 1445  history
 1446  grep KMR *.position|sort -nk3|grep -v TKMR
 1447  grep KMP *.position|sort -nk3
 1448  grep KMP *.position|sort -nk3|grep -v KMPR
 1449  grep KMI *.position|sort -nk3
 1450  cat gd
 1451  cat gd.txt
 1452  grep 0605748318T52 0808.position
 1453  grep 20486148 0808.position
 1454  grep 20472225 0808.position
 1455  grep 20468044 0808.position
 1456  grep 20670131 0808.position
 1457  grep 20498230 0808.position
 1458  cat gd.txt
 1459  grep 134788 0808.position
 1460  grep 15073759 0808.position
 1461  grep 15073759 *.position
 1462  grep 20406986 *.position
 1463  grep 20406986 0808.position
 1464  vi gd.txt
 1465  grep 15073759 *.position
 1466  grep 59604635 0808.position
 1467  grep 59604635 *.position
 1468  vi gd.txt
 1469  grep 20670131 0808.position
 1470  grep 20482643 0808.position
 1471  grep 20772738 0808.position
 1472  grep 15058943 0808.position
 1473  grep 15058943 *.position
 1474  vi gd.txt
 1475  grep 20434105 0808.position
 1476  grep 506757 0808.position
 1477  vi gd.txt
 1478  cat gd.txt
 1479  egrep "183540|15058943|20498230|15073759|59604635|506757" 0811.position
 1480  vi gd.txt
 1481  cat gd.txt
 1482  egrep "673498|156746|441162|20265291" 0811.position
 1483  egrep "673498|156746|441162|20265291" *.position|grep VALE
 1484  egrep "183540|15058943|20498230|15073759|59604635|506757" *.position|grep VALE
 1485  egrep "183540|15058943|20498230|15073759|59604635|506757" *.position|grep CUZ
 1486  egrep "673498|156746|441162|20265291" *.position|grep CUZ
 1487  egrep "673498|156746|441162|20265291" *.position|grep FTR
 1488  egrep "673498|156746|441162|20265291" *.position|grep SID
 1489  egrep "673498|156746|441162|20265291" *.position|grep BDN
 1490  egrep "183540|15058943|20498230|15073759|59604635|506757" *.position|grep BDN
 1491  ./imbalance.pl 0811.position
 1492  ./imbalance.pl 0811.position | sort -nk4
 1493  ./imbalance.pl 0811.position | sort -nk4 | column -t
 1494  egrep "183540|15058943|20498230|15073759|59604635|506757" *.position|grep CUZ|column -t
 1495  egrep "183540|15058943|20498230|15073759|59604635|506757" *.position|grep FTR|column -t
 1496  egrep "183540|15058943|20498230|15073759|59604635|506757" *.position|grep BID|column -t
 1497  egrep "183540|15058943|20498230|15073759|59604635|506757" *.position|grep BDN|column -t
 1498  less remote.sh
 1499  ls -ltr
 1500  history|grep awk
 1501  awk -F, '{sum += $3} END {print $sum}' 0808.position
 1502  head 0808.position
 1503  awk -F, '{sum += $3} END {print $sum}' <0808.position
 1504  awk -F, '{sum += $3} END {print sum}' <0808.position
 1505  awk -F, '{sum += abs($3)} END {print sum}' <0808.position
 1506  awk -F, '{sum += $3>0?$3:-$3} END {print sum}' 0808.position
 1507  for i in *.0808; { awk '{sum += $6} END {print sum}' $i; }|paste -sd+|bc
 1508  for i in *.0811; { awk '{sum += $6} END {print sum}' $i; }|paste -sd+|bc
 1509  awk -F, '{sum += ($3>0?$3:-$3)} END {print sum}' 0811.position
 1510  vi netposition.pl
 1511  for i in *.0731; { awk '{sum += $6} END {print sum}' $i; }
 1512  for i in *.0731; { awk '{sum += $6} END {print sum}' $i; } |awk '{sum+=$1}END{print sum}'
 1513  for i in *.0731; { awk '{sum += $6} END {print sum}' $i; } |paste -sd+|bc
 1514  ls -ltr
 1515  mv eqpwk-exb87.0813 eqpwk-exb87.0812
 1516  mv eqpwk-exb90.0813 eqpwk-exb90.0812
 1517  mv eqpwk-exb91.0813 eqpwk-exb91.0812
 1518  mv eqpwk-exb92.0813 eqpwk-exb92.0812
 1519  mv 0813.position 0812.position
 1520  mv 0813.vwap 0812.vwap
 1521  ls -ltr
 1522  ./imbalance.pl 0812.position
 1523  history |grep egrep
 1524  egrep "183540|15058943|20498230|15073759|59604635|506757" 0812.position
 1525  egrep "183540|15058943|20498230|15073759|59604635|506757" 0812.position |sort -nk4|column -t
 1526  egrep "673498|156746|441162|20265291" 0812.position
 1527  egrep "673498|156746|441162|20265291" 0812.position |sort -nk4|column -t
 1528  ls -ltr
 1529  rm eqpwk-exb87.0813
 1530  which pssh
 1531  pssh
 1532  locate parallel
 1533  ls -ltr
 1534  history
 1535  cp remote.sh para.sh
 1536  vi para.sh
 1537  ./para.sh
 1538  ls
 1539  ls -ltr
 1540  cat eqpwk-exb87.par
 1541  rm *.par
 1542  vi para.sh
 1543  vi remote.sh
 1544  vi para.sh
 1545  ls -ltr
 1546  touch para.sh
 1547  ls -ltr
 1548  rm *.par
 1549  ls -ltr
 1550  cat para.sh
 1551  ls -ltr
 1552  history
 1553  ./para.sh
 1554  ls -ltr
 1555  ./calc.sh
 1556  ls -ltr
 1557  ./para.sh
 1558  ls -ltr
 1559  gcc --version
 1560  vi para.sh
 1561  vi stats.pl
 1562  cp para.sh local.sh
 1563  vi local.sh
 1564  ./local.sh
 1565  ls -ltr
 1566  less eqpwk-exb87.0815
 1567  less eqpwk-exb91.0815
 1568  rm *.0815
 1569  ls
 1570  ls -ltr
 1571  vi local.sh
 1572  ./local.sh
 1573  ls -ltr
 1574  rm *.0815
 1575  vi local.sh
 1576  ./local.sh
 1577  ls -ltr
 1578  ls stats.pl
 1579  ls -ltr
 1580  vi local.sh
 1581  ./local.sh
 1582  ls -l stats.pl
 1583  pwd
 1584  vi local.sh
 1585  ./local.sh
 1586  ls -ltr
 1587  less local.sh
 1588  diff eqpwk-exb87.0815 eqpwk-exb91.0815
 1589  head eqpwk-exb87.0815
 1590  head eqpwk-exb91.0815
 1591  df -k .
 1592  for i in /tmp/* do; { echo $i; }
 1593  ls /tmp
 1594  for i in /tmp/*; { echo $i; }
 1595  for i in /tmp/* { echo $i; }
 1596  for i in /tmp/*; { echo $i; }
 1597  for i in /tmp/* do;  echo $i; done
 1598  for i in /tmp/* do;  'echo $i'; done
 1599  for i in /tmp/* do; echo $i done
 1600  for i in /tmp/* do; `echo $i`; done
 1601  for i in /tmp/*; do echo $i; done
 1602  for i in `seq 10 100 5`; { echo $i; }
 1603  for i in `seq 10 100`; { echo $i; }
 1604  man seq
 1605  for i in `seq 10 5 100`; { echo $i; }
 1606  cat remote
 1607  cat remote.sh
 1608  ./remote.sh
 1609  cat local.sh
 1610  ./local
 1611  ./local.sh
 1612  ls -ltr
 1613  ./calc.sh
 1614  ls -ltr
 1615  ./imbalance.pl 0815.position
 1616  cat gd.txt
 1617  grep "183540|15058943|20498230|15073759|59604635|506757" 0812.position
 1618  egrep "183540|15058943|20498230|15073759|59604635|506757" 0812.position
 1619  egrep "183540|15058943|20498230|15073759|59604635|506757" 0812.position |sort -nk4|column -t
 1620  egrep "673498|156746|441162|20265291" 0812.position |sort -nk4|column -t
 1621  egrep "673498|156746|441162|20265291" 0811.position |sort -nk4|column -t
 1622  egrep "673498|156746|441162|20265291" 0810.position |sort -nk4|column -t
 1623  egrep "673498|156746|441162|20265291" 0813.position |sort -nk4|column -t
 1624  egrep "673498|156746|441162|20265291" 0814.position |sort -nk4|column -t
 1625  egrep "673498|156746|441162|20265291" 0815.position |sort -nk4|column -t
 1626  ifconfig
 1627  python -m SimpleHTTPServer
 1628  ls -ltr
 1629  python -m SimpleHTTPServer
 1630  which curl
 1631  curl
 1632  sudo apt-get install curl
 1633  ls -ltr
 1634  top
 1635  ls -ltr
 1636  ls *.sh
 1637  cat pushsc.sh
 1638  ./pushsc.sh stats.pl
 1639  ls -ltr
 1640  ./para.sh
 1641  ls -ltr
 1642  vi remote.sh
 1643  ./remote.sh
 1644  vi remote.sh
 1645  ./remote.sh
 1646  history
 1647  ls
 1648  vi ~/.bashrc
 1649  ls -ltr
 1650  ./calc.sh
 1651  ls -ltr
 1652  ./imbalance.pl 0821.position
 1653  ls -ltr
 1654  ./imbalance.pl
 1655  ls -ltr
 1656  ./imbalance.pl 0821.position
 1657  cat local.sh
 1658  sshpass -f ~/.pass ssh f083251@eqpwk-exb90.us.jpmchase.net
 1659  history
 1660  cat ~/bin/secaus.sh
 1661  vi ~/bin/lbmlogger.sh
 1662  vi ~/.bashrc
 1663  .  ~/.bashrc
 1664  dev
 1665  ls
 1666  dev
 1667  ls
 1668  history
 1669  ls -ltr
 1670  df -k .
 1671  history
 1672  locate limits.conf
 1673  cat /etc/security/limits.conf
 1674  sudo vi /etc/security/limits.conf
 1675  top
 1676  ls
 1677  ls *.c
 1678  ls -ltr
 1679  history|grep egrep
 1680  cat gd.txt
 1681  ls -ltr
 1682  ./imbalance.pl 0820.position
 1683  env|grep http
 1684  env|grep -i http
 1685  vi ~/.bashrc
 1686  . ~/.bashrc
 1687  fucmd
 1688  which curl
 1689  curl
 1690  sudo apt-get install curl
 1691  sudo vi /etc/apt/apt.conf
 1692  sudo apt-get install curl
 1693  sudo apt-get update
 1694  sudo apt-get install curl
 1695  fucmd
 1696  cmdfu wget
 1697  define wiki
 1698  define ebola
 1699  vi ~/.bashrc
 1700  cmdfu curl
 1701  curl ipinfo.io
 1702  cd ..
 1703  curl http://www.commandlinefu.com/commands/browse/sort-by-votes/plaintext/[0-9000:25] | grep -vE "_curl_|\.com by David" > clf-ALL.txt
 1704  ls -ltr
 1705  less clf-ALL.txt
 1706  vi getCmdFu.sh
 1707  mv clf-ALL.txt commandlinefu.txt
 1708  less commandlinefu.txt
 1709  pwd
 1710  ls
 1711  cd test2/
 1712  ls
 1713  vi sec.sh
 1714  chmod +x sec.sh
 1715  ./sec.sh
 1716  vi sec.sh
 1717  ./sec.sh
 1718  vi sec.sh
 1719  ./sec.sh
 1720  cp sec.sh lbmlogger.sh
 1721  ls
 1722  cp sec.sh jpmxprod.sh
 1723  vi jpmxprod.sh
 1724  vi lbmlogger.sh
 1725  ls
 1726  mv sec.sh secaus.sh
 1727  ls
 1728  vi secaus.sh
 1729  ./secaus.sh
 1730  vi secaus.sh
 1731  cat secaus.sh
 1732  sshpass -f ~/.pass ssh f083251@eqpsc-exb143.us.jpmchase.net
 1733  sshpass -f ~/.pass ssh f083251@eqpwk-exb80.us.jpmchase.net
 1734  ./lbmlogger.sh
 1735  ./jpmxprod.sh
 1736  diff lbmlogger.sh jpmxprod.sh
 1737  sshpass -f ~/.pass ssh f083251@eqpwk-exb80.us.jpmchase.net
 1738  ssh f083251@eqpwk-exb80.us.jpmchase.net
 1739  ssh f083251@eqpwk-exb78.us.jpmchase.net
 1740  ssh f083251@eqpwk-exb79.us.jpmchase.net
 1741  ssh f083251@eqpwk-exb88.us.jpmchase.net
 1742  ssh f083251@eqpwk-exb89.us.jpmchase.net
 1743  cat jpmxprod.sh
 1744  ./jpmxprod.sh
 1745  cat secaus.sh
 1746  ssh f083251@eqpsc-exb143.us.jpmchase.net
 1747  ssh f083251@eqpsc-exb162.us.jpmchase.net
 1748  ssh f083251@eqpsc-exb163.us.jpmchase.net
 1749  ssh f083251@eqpsc-exb164.us.jpmchase.net
 1750  ssh f083251@eqpsc-exb168.us.jpmchase.net
 1751  ./secaus.sh
 1752  ps
 1753  vi secaus.sh
 1754  ./secaus.sh
 1755  vi secaus.sh
 1756  ./secaus.sh
 1757  vi secaus.sh
 1758  ./secaus.sh
 1759  cat secaus.sh
 1760  vi secaus.sh
 1761  ./secaus.sh
 1762  cat secaus.sh
 1763  sshpass -f ~/.pass ssh f083251@eqpsc-exb168.us.jpmchase.net
 1764  cat secaus.sh
 1765  sshpass -f ~/.pass ssh f083251@eqpsc-exb168.us.jpmchase.net -t "cd ~a_exb_u;;bash"
 1766  sshpass -f ~/.pass ssh f083251@eqpsc-exb168.us.jpmchase.net -t "cd ~a_exb_u;bash"
 1767  vi secaus.sh
 1768  ./secaus.sh
 1769  vi secaus.sh
 1770  ./secaus.sh
 1771  cat secaus.sh
 1772  cp secaus.sh sec2.sh
 1773  vi sec2.sh
 1774  ./sec2.sh
 1775  vi sec2.sh
 1776  ./sec2.sh
 1777  diff secaus.sh sec2.sh
 1778  rm sec2.sh
 1779  ls
 1780  cd ..
 1781  ls
 1782  mkdir bin
 1783  mv test2/*.sh bin/
 1784  ls
 1785  ls bin
 1786  ls test2
 1787  ls test
 1788  vi ~/.bashrc
 1789  env|grep PATH
 1790  vi ~/.bashrc
 1791  . ~/.bash
 1792  . ~/.bashrc
 1793  secaus.sh
 1794  history
 1795  cat ~/.bashrc
 1796  dev
 1797  pwd
 1798  . ~/.bashrc
 1799  dev
 1800  cat ~/.pass
 1801  history
 1802  cd bin/
 1803  ls
 1804  cp lbmlogger.sh lbm2.sh
 1805  vi lbm2.sh
 1806  cd
 1807  lbm2.sh
 1808  ssh f083251@eqpwk-exb83.us.jpmchase.net
 1809  ssh f083251@eqpwk-exb84.us.jpmchase.net
 1810  ssh f083251@eqpwk-exb85.us.jpmchase.net
 1811  ssh f083251@eqpwk-exb86.us.jpmchase.net
 1812  lbm2.sh
 1813  ls
 1814  cd bin
 1815  ls
 1816  mv lbmlogger.sh lbm1.sh
 1817  ls
 1818  cd ..
 1819  ls
 1820  vi .bashrc
 1821  . .bashrc
 1822  qa
 1823  vi .bashrc
 1824  . .bashrc
 1825  exb12
 1826  ls
 1827  qa
 1828  vi ~/.bashrc
 1829  ssh f083251@equcr-exb30.us.jpmchase.net
 1830  qa
 1831  history
 1832  dev
 1833  exit
 1834  pwd
 1835  ls
 1836  cd bin
 1837  ls
 1838  cat jumphosts.txt
 1839  vi jumphosts.txt
 1840  ls
 1841  vi admin.sh
 1842  cat jump.sh
 1843  ./jpmxprod.sh
 1844  ./jump.sh
 1845  dev
 1846  pwd
 1847  ls
 1848  ls
 1849  pwd
 1850  ls
 1851  cd bin
 1852  ls
 1853  vi ~/.bashrc
 1854  cat ~/.pass
 1855  ls
 1856  . ~/.bashrc
 1857  dev1
 1858  cat ~/.bashrc
 1859  sshpass -f ~/.pass ssh f083251@fxucr-ats1021-adm.us.jpmchase.net
 1860  ssh f083251@fxucr-ats1021-adm.us.jpmchase.net
 1861  dev1
 1862  ssh f083251@fxucr-ats1022-adm.us.jpmchase.net
 1863  ssh f083251@fxucr-ats1023-adm.us.jpmchase.net
 1864  vi ~/.bashrc
 1865  exit
 1866  ps
 1867  ls
 1868  ps -ef|grep screen
 1869  ls
 1870  ls -ltr
 1871  ps
 1872  screen
 1873  ps -ef|grep screen
 1874  screen -r
 1875  ps -ef|grep screen
 1876  exit
 1877  dev2
 1878  exit
 1879  pal
 1880  pal --h
 1881  pal --help
 1882  pal -v
 1883  calendar
 1884  calendar |less
 1885  pal
 1886  ls
 1887  less hardcopy.7
 1888  wc -l hardcopy.7
 1889  ls
 1890  vi tt
 1891  ls
 1892  rm hardcopy.7
 1893  ls
 1894  history
bliu@ubuntu:~$
